S,<SBS>,<BS>,<SCS>,<CS>,A,b',c',B,a',C,<AC>
a,b,c
S
S->A<SBS>
<SBS>->S<BS>
<BS>->BS
S->B<SCS>
<SCS>->S<CS>
<CS>->CS
S->A<SCS>
A->Ab'
b'->b
A->Ac'
c'->c
A->a
B->a'B
a'->a
B->b
C->a'<AC>
<AC>->AC
C->c
