preorder
5,4,7,2131345646,9,13,12415486
inorder
4,5,7,9,13,12415486,2131345646
postorder
4,12415486,13,9,2131345646,7,5