preorder
18,11,3,34,31,20,46,41,67,92,98
inorder
3,11,18,20,31,34,41,46,67,92,98
postorder
3,11,20,31,41,98,92,67,46,34,18